2026-10-05 09:00:00 INFO auth: login accepted
2026-10-05 09:00:30 INFO api: request served
2026-10-05 09:01:00 INFO db: query completed
2026-10-05 09:01:30 WARN cache: slow response
2026-10-05 09:02:00 INFO auth: session refreshed
2026-10-05 09:02:30 INFO api: connection reset
2026-10-05 09:03:00 ERROR db: timeout waiting for reply
2026-10-05 09:03:30 INFO cache: cache hit
2026-10-05 09:04:00 INFO auth: token issued
2026-10-05 09:04:30 INFO api: health check ok
2026-10-05 09:05:00 INFO db: login accepted
2026-10-05 09:05:30 INFO cache: request served
2026-10-05 09:06:00 INFO auth: query completed
2026-10-05 09:06:30 WARN api: slow response
2026-10-05 09:07:00 INFO db: session refreshed
2026-10-05 09:07:30 INFO cache: connection reset
2026-10-05 09:08:00 ERROR auth: timeout waiting for reply
2026-10-05 09:08:30 INFO api: cache hit
2026-10-05 09:09:00 INFO db: token issued
2026-10-05 09:09:30 INFO cache: health check ok
2026-10-05 09:10:00 INFO auth: login accepted
2026-10-05 09:10:30 INFO api: request served
2026-10-05 09:11:00 INFO db: query completed
2026-10-05 09:11:30 WARN cache: slow response
2026-10-05 09:12:00 INFO auth: session refreshed
2026-10-05 09:12:30 INFO api: connection reset
2026-10-05 09:13:00 ERROR db: timeout waiting for reply
2026-10-05 09:13:30 INFO cache: cache hit
2026-10-05 09:14:00 INFO auth: token issued
2026-10-05 09:14:30 INFO api: health check ok
2026-10-05 09:15:00 INFO db: login accepted
2026-10-05 09:15:30 INFO cache: request served
2026-10-05 09:16:00 INFO auth: query completed
2026-10-05 09:16:30 WARN api: slow response
2026-10-05 09:17:00 INFO db: session refreshed
2026-10-05 09:17:30 INFO cache: connection reset
2026-10-05 09:18:00 ERROR auth: timeout waiting for reply
2026-10-05 09:18:30 INFO api: cache hit
2026-10-05 09:19:00 INFO db: token issued
2026-10-05 09:19:30 INFO cache: health check ok
2026-10-05 09:20:00 INFO auth: login accepted
2026-10-05 09:20:30 INFO api: request served
2026-10-05 09:21:00 INFO db: query completed
2026-10-05 09:21:30 WARN cache: slow response
2026-10-05 09:22:00 INFO auth: session refreshed
2026-10-05 09:22:30 INFO api: connection reset
2026-10-05 09:23:00 ERROR db: timeout waiting for reply
2026-10-05 09:23:30 INFO cache: cache hit
2026-10-05 09:24:00 INFO auth: token issued
2026-10-05 09:24:30 INFO api: health check ok
2026-10-05 09:25:00 INFO db: login accepted
2026-10-05 09:25:30 INFO cache: request served
2026-10-05 09:26:00 INFO auth: query completed
2026-10-05 09:26:30 WARN api: slow response
2026-10-05 09:27:00 INFO db: session refreshed
2026-10-05 09:27:30 INFO cache: connection reset
2026-10-05 09:28:00 ERROR auth: timeout waiting for reply
2026-10-05 09:28:30 INFO api: cache hit
2026-10-05 09:29:00 INFO db: token issued
2026-10-05 09:29:30 INFO cache: health check ok
2026-10-05 09:30:00 INFO auth: login accepted
2026-10-05 09:30:30 INFO api: request served
2026-10-05 09:31:00 INFO db: query completed
2026-10-05 09:31:30 WARN cache: slow response
2026-10-05 09:32:00 INFO auth: session refreshed
2026-10-05 09:32:30 INFO api: connection reset
2026-10-05 09:33:00 ERROR db: timeout waiting for reply
2026-10-05 09:33:30 INFO cache: cache hit
2026-10-05 09:34:00 INFO auth: token issued
2026-10-05 09:34:30 INFO api: health check ok
2026-10-05 09:35:00 INFO db: login accepted
2026-10-05 09:35:30 INFO cache: request served
2026-10-05 09:36:00 INFO auth: query completed
2026-10-05 09:36:30 WARN api: slow response
2026-10-05 09:37:00 INFO db: session refreshed
2026-10-05 09:37:30 INFO cache: connection reset
2026-10-05 09:38:00 ERROR auth: timeout waiting for reply
2026-10-05 09:38:30 INFO api: cache hit
2026-10-05 09:39:00 INFO db: token issued
2026-10-05 09:39:30 INFO cache: health check ok
2026-10-05 09:40:00 INFO auth: login accepted
2026-10-05 09:40:30 INFO api: request served
2026-10-05 09:41:00 INFO db: query completed
2026-10-05 09:41:30 WARN cache: slow response
2026-10-05 09:42:00 INFO auth: session refreshed
2026-10-05 09:42:30 INFO api: connection reset
2026-10-05 09:43:00 ERROR db: timeout waiting for reply
2026-10-05 09:43:30 INFO cache: cache hit
2026-10-05 09:44:00 INFO auth: token issued
2026-10-05 09:44:30 INFO api: health check ok
2026-10-05 09:45:00 INFO db: login accepted
2026-10-05 09:45:30 INFO cache: request served
2026-10-05 09:46:00 INFO auth: query completed
2026-10-05 09:46:30 WARN api: slow response
2026-10-05 09:47:00 INFO db: session refreshed
2026-10-05 09:47:30 INFO cache: connection reset
2026-10-05 09:48:00 ERROR auth: timeout waiting for reply
2026-10-05 09:48:30 INFO api: cache hit
2026-10-05 09:49:00 INFO db: token issued
2026-10-05 09:49:30 INFO cache: health check ok
2026-10-05 09:50:00 INFO auth: login accepted
2026-10-05 09:50:30 INFO api: request served
2026-10-05 09:51:00 INFO db: query completed
2026-10-05 09:51:30 WARN cache: slow response
2026-10-05 09:52:00 INFO auth: session refreshed
2026-10-05 09:52:30 INFO api: connection reset
2026-10-05 09:53:00 ERROR db: timeout waiting for reply
2026-10-05 09:53:30 INFO cache: cache hit
2026-10-05 09:54:00 INFO auth: token issued
2026-10-05 09:54:30 INFO api: health check ok
2026-10-05 09:55:00 INFO db: login accepted
2026-10-05 09:55:30 INFO cache: request served
2026-10-05 09:56:00 INFO auth: query completed
2026-10-05 09:56:30 WARN api: slow response
2026-10-05 09:57:00 INFO db: session refreshed
2026-10-05 09:57:30 INFO cache: connection reset
2026-10-05 09:58:00 ERROR auth: timeout waiting for reply
2026-10-05 09:58:30 INFO api: cache hit
2026-10-05 09:59:00 INFO db: token issued
2026-10-05 09:59:30 INFO cache: health check ok
